Twinkle, twinkle
Little star
How I wonder what you are
The game window was successfully launched ...
The game window has been exited. Program exited.
Game over.