25
18
82
It's a me Mario
Oh hello, Luigi
1.123410
3.180000
true
true
The game window was successfully launched ...
The game window has been exited. Program exited.
Game over.