test string
test string
The game window was successfully launched ...
The game window has been exited. Program exited.
Game over.