0
1
2
The game window was successfully launched ...
The game window has been exited. Program exited.
Game over.