1
-1
3
243
2
The game window was successfully launched ...
The game window has been exited. Program exited.
Game over.