Mama Mia~
4
3
2
1
The game window was successfully launched ...
The game window has been exited. Program exited.
Game over.
